// Jest Snapshot v1, https://goo.gl/fbAQLP

exports[`should render ExpenseListItem with fixture data 1`] = `
<div>
  <Link
    to="/edit/1"
  >
    <h3>
      Gum
    </h3>
  </Link>
  <ul>
    <li>
      <h4>
        Amount:
      </h4>
      <p>
        $1.95
      </p>
    </li>
    <li>
      <h4>
        CreatedAt:
      </h4>
      <p>
        01 / Jan / 1970
      </p>
    </li>
  </ul>
</div>
`;
