// Jest Snapshot v1, https://goo.gl/fbAQLP

exports[`should render Header correctly 1`] = `
<header>
  <h1>
    Expensify
  </h1>
  <ul>
    <li>
      <NavLink
        className={[Function]}
        to="/"
      >
        Dashboard
      </NavLink>
    </li>
    <li>
      <NavLink
        className={[Function]}
        to="/create"
      >
        Create Expense
      </NavLink>
    </li>
  </ul>
</header>
`;
