// Jest Snapshot v1, https://goo.gl/fbAQLP

exports[`should render NotFound page 1`] = `
<div>
  <p>
    404! - 
    <Link
      to="/"
    >
      Back to Homepage
    </Link>
  </p>
</div>
`;
